\BOOKMARK [0][-]{chapter.1}{\376\377\0001\000\040\000D\000a\000t\000a\000\040\000S\000t\000r\000u\000c\000t\000u\000r\000e\000\040\000I\000n\000d\000e\000x}{}% 1
\BOOKMARK [1][-]{section.1.1}{\376\377\0001\000.\0001\000\040\000D\000a\000t\000a\000\040\000S\000t\000r\000u\000c\000t\000u\000r\000e\000s}{chapter.1}% 2
\BOOKMARK [0][-]{chapter.2}{\376\377\0002\000\040\000F\000i\000l\000e\000\040\000I\000n\000d\000e\000x}{}% 3
\BOOKMARK [1][-]{section.2.1}{\376\377\0002\000.\0001\000\040\000F\000i\000l\000e\000\040\000L\000i\000s\000t}{chapter.2}% 4
\BOOKMARK [0][-]{chapter.3}{\376\377\0003\000\040\000D\000a\000t\000a\000\040\000S\000t\000r\000u\000c\000t\000u\000r\000e\000\040\000D\000o\000c\000u\000m\000e\000n\000t\000a\000t\000i\000o\000n}{}% 5
\BOOKMARK [1][-]{section.3.1}{\376\377\0003\000.\0001\000\040\000s\000\137\000c\000l\000i\000e\000n\000t\000e\000\040\000S\000t\000r\000u\000c\000t\000\040\000R\000e\000f\000e\000r\000e\000n\000c\000e}{chapter.3}% 6
\BOOKMARK [2][-]{subsection.3.1.1}{\376\377\0003\000.\0001\000.\0001\000\040\000D\000e\000t\000a\000i\000l\000e\000d\000\040\000D\000e\000s\000c\000r\000i\000p\000t\000i\000o\000n}{section.3.1}% 7
\BOOKMARK [2][-]{subsection.3.1.2}{\376\377\0003\000.\0001\000.\0002\000\040\000F\000i\000e\000l\000d\000\040\000D\000o\000c\000u\000m\000e\000n\000t\000a\000t\000i\000o\000n}{section.3.1}% 8
\BOOKMARK [3][-]{subsubsection.3.1.2.1}{\376\377\0003\000.\0001\000.\0002\000.\0001\000\040\000i\000d}{subsection.3.1.2}% 9
\BOOKMARK [3][-]{subsubsection.3.1.2.2}{\376\377\0003\000.\0001\000.\0002\000.\0002\000\040\000n\000o\000m\000b\000r\000e}{subsection.3.1.2}% 10
\BOOKMARK [0][-]{chapter.4}{\376\377\0004\000\040\000F\000i\000l\000e\000\040\000D\000o\000c\000u\000m\000e\000n\000t\000a\000t\000i\000o\000n}{}% 11
\BOOKMARK [1][-]{section.4.1}{\376\377\0004\000.\0001\000\040\000C\000:\000/\000U\000s\000e\000r\000s\000/\000i\000g\000n\000a\000c\000/\000D\000o\000c\000u\000m\000e\000n\000t\000s\000/\000A\000p\000p\000D\000e\000M\000e\000n\000s\000a\000j\000e\000s\000/\000T\000e\000s\000t\000s\000/\000T\000a\000b\000l\000a\000H\000a\000s\000h\000/\000C\000l\000i\000e\000n\000t\000e\000s\000/\000m\000a\000i\000n\000.\000c\000\040\000F\000i\000l\000e\000\040\000R\000e\000f\000e\000r\000e\000n\000c\000e}{chapter.4}% 12
\BOOKMARK [2][-]{subsection.4.1.1}{\376\377\0004\000.\0001\000.\0001\000\040\000F\000u\000n\000c\000t\000i\000o\000n\000\040\000D\000o\000c\000u\000m\000e\000n\000t\000a\000t\000i\000o\000n}{section.4.1}% 13
\BOOKMARK [3][-]{subsubsection.4.1.1.1}{\376\377\0004\000.\0001\000.\0001\000.\0001\000\040\000m\000a\000i\000n\000\050\000\051}{subsection.4.1.1}% 14
\BOOKMARK [1][-]{section.4.2}{\376\377\0004\000.\0002\000\040\000C\000:\000/\000U\000s\000e\000r\000s\000/\000i\000g\000n\000a\000c\000/\000D\000o\000c\000u\000m\000e\000n\000t\000s\000/\000A\000p\000p\000D\000e\000M\000e\000n\000s\000a\000j\000e\000s\000/\000T\000e\000s\000t\000s\000/\000T\000a\000b\000l\000a\000H\000a\000s\000h\000/\000C\000l\000i\000e\000n\000t\000e\000s\000/\000m\000a\000i\000n\000.\000c}{chapter.4}% 15
\BOOKMARK [1][-]{section.4.3}{\376\377\0004\000.\0003\000\040\000C\000:\000/\000U\000s\000e\000r\000s\000/\000i\000g\000n\000a\000c\000/\000D\000o\000c\000u\000m\000e\000n\000t\000s\000/\000A\000p\000p\000D\000e\000M\000e\000n\000s\000a\000j\000e\000s\000/\000T\000e\000s\000t\000s\000/\000T\000a\000b\000l\000a\000H\000a\000s\000h\000/\000C\000l\000i\000e\000n\000t\000e\000s\000/\000T\000a\000b\000l\000a\000H\000a\000s\000h\000.\000c\000\040\000F\000i\000l\000e\000\040\000R\000e\000f\000e\000r\000e\000n\000c\000e}{chapter.4}% 16
\BOOKMARK [2][-]{subsection.4.3.1}{\376\377\0004\000.\0003\000.\0001\000\040\000F\000u\000n\000c\000t\000i\000o\000n\000\040\000D\000o\000c\000u\000m\000e\000n\000t\000a\000t\000i\000o\000n}{section.4.3}% 17
\BOOKMARK [3][-]{subsubsection.4.3.1.1}{\376\377\0004\000.\0003\000.\0001\000.\0001\000\040\000b\000u\000s\000c\000a\000r\000I\000d\000E\000n\000T\000a\000b\000l\000a\000H\000a\000s\000h\000\050\000\051}{subsection.4.3.1}% 18
\BOOKMARK [3][-]{subsubsection.4.3.1.2}{\376\377\0004\000.\0003\000.\0001\000.\0002\000\040\000c\000r\000e\000a\000r\000T\000a\000b\000l\000a\000H\000a\000s\000h\000\050\000\051}{subsection.4.3.1}% 19
\BOOKMARK [3][-]{subsubsection.4.3.1.3}{\376\377\0004\000.\0003\000.\0001\000.\0003\000\040\000e\000l\000i\000m\000i\000n\000a\000r\000I\000d\000E\000n\000T\000a\000b\000l\000a\000H\000a\000s\000h\000\050\000\051}{subsection.4.3.1}% 20
\BOOKMARK [3][-]{subsubsection.4.3.1.4}{\376\377\0004\000.\0003\000.\0001\000.\0004\000\040\000f\000u\000n\000c\000i\000o\000n\000H\000a\000s\000h\000\050\000\051}{subsection.4.3.1}% 21
\BOOKMARK [3][-]{subsubsection.4.3.1.5}{\376\377\0004\000.\0003\000.\0001\000.\0005\000\040\000i\000n\000s\000e\000r\000t\000a\000r\000E\000n\000T\000a\000b\000l\000a\000H\000a\000s\000h\000\050\000\051}{subsection.4.3.1}% 22
\BOOKMARK [3][-]{subsubsection.4.3.1.6}{\376\377\0004\000.\0003\000.\0001\000.\0006\000\040\000m\000o\000s\000t\000r\000a\000r\000T\000a\000b\000l\000a\000H\000a\000s\000h\000\050\000\051}{subsection.4.3.1}% 23
\BOOKMARK [1][-]{section.4.4}{\376\377\0004\000.\0004\000\040\000C\000:\000/\000U\000s\000e\000r\000s\000/\000i\000g\000n\000a\000c\000/\000D\000o\000c\000u\000m\000e\000n\000t\000s\000/\000A\000p\000p\000D\000e\000M\000e\000n\000s\000a\000j\000e\000s\000/\000T\000e\000s\000t\000s\000/\000T\000a\000b\000l\000a\000H\000a\000s\000h\000/\000C\000l\000i\000e\000n\000t\000e\000s\000/\000T\000a\000b\000l\000a\000H\000a\000s\000h\000.\000c}{chapter.4}% 24
\BOOKMARK [1][-]{section.4.5}{\376\377\0004\000.\0005\000\040\000C\000:\000/\000U\000s\000e\000r\000s\000/\000i\000g\000n\000a\000c\000/\000D\000o\000c\000u\000m\000e\000n\000t\000s\000/\000A\000p\000p\000D\000e\000M\000e\000n\000s\000a\000j\000e\000s\000/\000T\000e\000s\000t\000s\000/\000T\000a\000b\000l\000a\000H\000a\000s\000h\000/\000C\000l\000i\000e\000n\000t\000e\000s\000/\000T\000a\000b\000l\000a\000H\000a\000s\000h\000.\000h\000\040\000F\000i\000l\000e\000\040\000R\000e\000f\000e\000r\000e\000n\000c\000e}{chapter.4}% 25
\BOOKMARK [2][-]{subsection.4.5.1}{\376\377\0004\000.\0005\000.\0001\000\040\000M\000a\000c\000r\000o\000\040\000D\000e\000f\000i\000n\000i\000t\000i\000o\000n\000\040\000D\000o\000c\000u\000m\000e\000n\000t\000a\000t\000i\000o\000n}{section.4.5}% 26
\BOOKMARK [3][-]{subsubsection.4.5.1.1}{\376\377\0004\000.\0005\000.\0001\000.\0001\000\040\000M\000A\000X\000\137\000N\000O\000M\000B\000R\000E}{subsection.4.5.1}% 27
\BOOKMARK [3][-]{subsubsection.4.5.1.2}{\376\377\0004\000.\0005\000.\0001\000.\0002\000\040\000T\000A\000M\000\137\000T\000A\000B\000L\000A}{subsection.4.5.1}% 28
\BOOKMARK [2][-]{subsection.4.5.2}{\376\377\0004\000.\0005\000.\0002\000\040\000F\000u\000n\000c\000t\000i\000o\000n\000\040\000D\000o\000c\000u\000m\000e\000n\000t\000a\000t\000i\000o\000n}{section.4.5}% 29
\BOOKMARK [3][-]{subsubsection.4.5.2.1}{\376\377\0004\000.\0005\000.\0002\000.\0001\000\040\000b\000u\000s\000c\000a\000r\000I\000d\000E\000n\000T\000a\000b\000l\000a\000H\000a\000s\000h\000\050\000\051}{subsection.4.5.2}% 30
\BOOKMARK [3][-]{subsubsection.4.5.2.2}{\376\377\0004\000.\0005\000.\0002\000.\0002\000\040\000c\000r\000e\000a\000r\000T\000a\000b\000l\000a\000H\000a\000s\000h\000\050\000\051}{subsection.4.5.2}% 31
\BOOKMARK [3][-]{subsubsection.4.5.2.3}{\376\377\0004\000.\0005\000.\0002\000.\0003\000\040\000e\000l\000i\000m\000i\000n\000a\000r\000I\000d\000E\000n\000T\000a\000b\000l\000a\000H\000a\000s\000h\000\050\000\051}{subsection.4.5.2}% 32
\BOOKMARK [3][-]{subsubsection.4.5.2.4}{\376\377\0004\000.\0005\000.\0002\000.\0004\000\040\000f\000u\000n\000c\000i\000o\000n\000H\000a\000s\000h\000\050\000\051}{subsection.4.5.2}% 33
\BOOKMARK [3][-]{subsubsection.4.5.2.5}{\376\377\0004\000.\0005\000.\0002\000.\0005\000\040\000i\000n\000s\000e\000r\000t\000a\000r\000E\000n\000T\000a\000b\000l\000a\000H\000a\000s\000h\000\050\000\051}{subsection.4.5.2}% 34
\BOOKMARK [3][-]{subsubsection.4.5.2.6}{\376\377\0004\000.\0005\000.\0002\000.\0006\000\040\000m\000o\000s\000t\000r\000a\000r\000T\000a\000b\000l\000a\000H\000a\000s\000h\000\050\000\051}{subsection.4.5.2}% 35
\BOOKMARK [1][-]{section.4.6}{\376\377\0004\000.\0006\000\040\000C\000:\000/\000U\000s\000e\000r\000s\000/\000i\000g\000n\000a\000c\000/\000D\000o\000c\000u\000m\000e\000n\000t\000s\000/\000A\000p\000p\000D\000e\000M\000e\000n\000s\000a\000j\000e\000s\000/\000T\000e\000s\000t\000s\000/\000T\000a\000b\000l\000a\000H\000a\000s\000h\000/\000C\000l\000i\000e\000n\000t\000e\000s\000/\000T\000a\000b\000l\000a\000H\000a\000s\000h\000.\000h}{chapter.4}% 36
